[capture] captures/2026-09-08-s1/2026-09-08T00-41-30-028Z-band-r100-200-150.jsonl
[drive +0.00s] scanning
Connection Failed!
undefined: undefined
[drive +60.09s] NOT CONNECTED
[capture] captures/2026-09-08-s1/2026-09-08T00-43-41-408Z-band-r100-200-150.jsonl
[drive +0.00s] scanning
[ble] found M511
Attempting connection to M511...
Connected to gatt...
Getting the primary service...
Getting the service characteristics...
[drive +14.28s] connected
[drive +16.04s] info {"printer":"M511","model":"M511","status":"Connected","supplyName":"M5C-1500-595-WT-BK-BULK","supplyYNumber":"5153508","supplyWidthIn":1.5,"supplyHeightIn":0.5,"dieCut":false,"dpi":300,"zone":[],"supplyRemainingPct":"88","batteryPct":100,"acConnected":false,"message":"PrinterStatus_Initialized","messageTitle":"PrinterStatus_Initialized_Title","errorSeverity":"","updates":12}
[drive +16.04s] print captures/probes/band-r100-200-150.png 150x432 copies=1 cut=0 x=-0.12 y=0
Drawing Target Bitmap (0)...
[drive +16.71s] print result true | printer says: PrinterStatus_Initialized_Title PrinterStatus_Initialized
[drive +16.72s] raster 150x450 -> captures/2026-09-08-s1/band-r100-200-150-raster.png
[drive +24.72s] after-print {"printer":"M511","model":"M511","status":"Connected","supplyName":"M5C-1500-595-WT-BK-BULK","supplyYNumber":"5153508","supplyWidthIn":1.5,"supplyHeightIn":0.5,"dieCut":false,"dpi":300,"zone":[],"supplyRemainingPct":"88","batteryPct":100,"acConnected":false,"message":"PrinterStatus_Initialized","messageTitle":"PrinterStatus_Initialized_Title","errorSeverity":"","updates":15}
[drive +24.72s] disconnect
