[capture] captures/2026-09-08-s0/2026-09-08T00-20-10-120Z-idle60.jsonl
[drive +0.00s] scanning
[ble] found M511
Attempting connection to M511...
Connected to gatt...
Getting the primary service...
Getting the service characteristics...
[drive +19.82s] connected
[drive +21.58s] info {"printer":"M511","model":"M511","status":"Connected","supplyName":"M5C-1500-595-WT-BK-BULK","supplyYNumber":"5153508","supplyWidthIn":1.5,"supplyHeightIn":0.5,"dieCut":false,"dpi":300,"zone":[],"supplyRemainingPct":"90","batteryPct":100,"acConnected":false,"message":"PrinterStatus_Initialized","messageTitle":"PrinterStatus_Initialized_Title","errorSeverity":"","updates":12}
[drive +21.58s] idle for 60s, logging SDK-visible state every 5s
[drive +26.58s] state {"printer":"M511","model":"M511","status":"Connected","supplyName":"M5C-1500-595-WT-BK-BULK","supplyYNumber":"5153508","supplyWidthIn":1.5,"supplyHeightIn":0.5,"dieCut":false,"dpi":300,"zone":[],"supplyRemainingPct":"90","batteryPct":100,"acConnected":false,"message":"PrinterStatus_Initialized","messageTitle":"PrinterStatus_Initialized_Title","errorSeverity":"","updates":24}
[drive +31.58s] state {"printer":"M511","model":"M511","status":"Connected","supplyName":"M5C-1500-595-WT-BK-BULK","supplyYNumber":"5153508","supplyWidthIn":1.5,"supplyHeightIn":0.5,"dieCut":false,"dpi":300,"zone":[],"supplyRemainingPct":"90","batteryPct":100,"acConnected":false,"message":"PrinterStatus_Initialized","messageTitle":"PrinterStatus_Initialized_Title","errorSeverity":"","updates":24}
[drive +36.58s] state {"printer":"M511","model":"M511","status":"Connected","supplyName":"M5C-1500-595-WT-BK-BULK","supplyYNumber":"5153508","supplyWidthIn":1.5,"supplyHeightIn":0.5,"dieCut":false,"dpi":300,"zone":[],"supplyRemainingPct":"90","batteryPct":100,"acConnected":false,"message":"PrinterStatus_Initialized","messageTitle":"PrinterStatus_Initialized_Title","errorSeverity":"","updates":24}
[drive +41.59s] state {"printer":"M511","model":"M511","status":"Connected","supplyName":"M5C-1500-595-WT-BK-BULK","supplyYNumber":"5153508","supplyWidthIn":1.5,"supplyHeightIn":0.5,"dieCut":false,"dpi":300,"zone":[],"supplyRemainingPct":"90","batteryPct":100,"acConnected":false,"message":"PrinterStatus_Initialized","messageTitle":"PrinterStatus_Initialized_Title","errorSeverity":"","updates":24}
[drive +46.59s] state {"printer":"M511","model":"M511","status":"Connected","supplyName":"M5C-1500-595-WT-BK-BULK","supplyYNumber":"5153508","supplyWidthIn":1.5,"supplyHeightIn":0.5,"dieCut":false,"dpi":300,"zone":[],"supplyRemainingPct":"90","batteryPct":100,"acConnected":false,"message":"PrinterStatus_Initialized","messageTitle":"PrinterStatus_Initialized_Title","errorSeverity":"","updates":24}
[drive +51.59s] state {"printer":"M511","model":"M511","status":"Connected","supplyName":"M5C-1500-595-WT-BK-BULK","supplyYNumber":"5153508","supplyWidthIn":1.5,"supplyHeightIn":0.5,"dieCut":false,"dpi":300,"zone":[],"supplyRemainingPct":"90","batteryPct":100,"acConnected":false,"message":"PrinterStatus_Initialized","messageTitle":"PrinterStatus_Initialized_Title","errorSeverity":"","updates":24}
[drive +56.59s] state {"printer":"M511","model":"M511","status":"Connected","supplyName":"M5C-1500-595-WT-BK-BULK","supplyYNumber":"5153508","supplyWidthIn":1.5,"supplyHeightIn":0.5,"dieCut":false,"dpi":300,"zone":[],"supplyRemainingPct":"90","batteryPct":100,"acConnected":false,"message":"PrinterStatus_Initialized","messageTitle":"PrinterStatus_Initialized_Title","errorSeverity":"","updates":24}
[drive +61.59s] state {"printer":"M511","model":"M511","status":"Connected","supplyName":"M5C-1500-595-WT-BK-BULK","supplyYNumber":"5153508","supplyWidthIn":1.5,"supplyHeightIn":0.5,"dieCut":false,"dpi":300,"zone":[],"supplyRemainingPct":"90","batteryPct":100,"acConnected":false,"message":"PrinterStatus_Initialized","messageTitle":"PrinterStatus_Initialized_Title","errorSeverity":"","updates":24}
[drive +66.59s] state {"printer":"M511","model":"M511","status":"Connected","supplyName":"M5C-1500-595-WT-BK-BULK","supplyYNumber":"5153508","supplyWidthIn":1.5,"supplyHeightIn":0.5,"dieCut":false,"dpi":300,"zone":[],"supplyRemainingPct":"90","batteryPct":100,"acConnected":false,"message":"PrinterStatus_Initialized","messageTitle":"PrinterStatus_Initialized_Title","errorSeverity":"","updates":24}
[drive +71.59s] state {"printer":"M511","model":"M511","status":"Connected","supplyName":"M5C-1500-595-WT-BK-BULK","supplyYNumber":"5153508","supplyWidthIn":1.5,"supplyHeightIn":0.5,"dieCut":false,"dpi":300,"zone":[],"supplyRemainingPct":"90","batteryPct":100,"acConnected":false,"message":"PrinterStatus_Initialized","messageTitle":"PrinterStatus_Initialized_Title","errorSeverity":"","updates":24}
[drive +76.59s] state {"printer":"M511","model":"M511","status":"Connected","supplyName":"M5C-1500-595-WT-BK-BULK","supplyYNumber":"5153508","supplyWidthIn":1.5,"supplyHeightIn":0.5,"dieCut":false,"dpi":300,"zone":[],"supplyRemainingPct":"90","batteryPct":100,"acConnected":false,"message":"PrinterStatus_Initialized","messageTitle":"PrinterStatus_Initialized_Title","errorSeverity":"","updates":24}
[drive +81.59s] state {"printer":"M511","model":"M511","status":"Connected","supplyName":"M5C-1500-595-WT-BK-BULK","supplyYNumber":"5153508","supplyWidthIn":1.5,"supplyHeightIn":0.5,"dieCut":false,"dpi":300,"zone":[],"supplyRemainingPct":"90","batteryPct":100,"acConnected":false,"message":"PrinterStatus_Initialized","messageTitle":"PrinterStatus_Initialized_Title","errorSeverity":"","updates":24}
[drive +81.59s] disconnect
